17
53
71
107
233
251
431
503
521
701
1061
1151
1223
1511
1601
2141
2213
2411
3023
3041
3203
3221
4013
4211
5003
5021
6011
6101
7001
10007
10061
10133
10151
10223
10313
10331
10601
11213
11321
11411
12041
12113
12203
12401
13103
13121
15101
16001
20051
20123
20231
20411
21023
21221
21401
22013
22031
23003
23021
23201
30113
30203
31013
31121
32003
40013
40031
41201
42101
50021
50111
60101
61001
70001
100043
100151
100313
100403
100511
101051
101141
101411
101501
102023
102203
104003
104021
110051
110321
110501
112031
112103
112121
113021
113111
115001
120041
120401
121013
122021
122201
124001
130121
130211
131111
140111
141101
150011
160001
200033
200231
201203
201401
202031
202121
204101
210113
210131
210401
220013
220301
221021
221201
222011
230003
240011
240101
300023
300221
301013
301211
302111
303011
311021
311111
312101
322001
400031
401201
403001
411011
411101
412001
500111
502001
510101
511001
600011
600101
149