59
149
167
239
257
293
347
383
419
491
509
563
617
653
743
761
16