1999
3889
4789
4969
4987
5689
5779
5869
6679
6949
6967
7489
7669
7687
7759
7867
7993
8389
8677
8839
8893
8929
9199
9397
9649
9739
9829
9883
9973
12799
12889
12979
13789
13879
14779
14797
14869
14887
15679
15787
15859
15877
16759
16993
17299
17389
17497
17569
17659
17749
17839
17929
18199
18289
18379
18397
18757
18793
18919
18973
19387
19477
19819
19891
19927
19963
20899
67