79999
89899
89989
98899
179899
179989
189799
189997
198997
268999
277999
286999
288979
288997
289789
289897
289987
297889
298897
299977
358999
368899
369979
369997
378997
379699
386989
387799
388699
388789
388879
388897
389797
396997
397897
398887
398977
399499
399769
399787
448999
449989
467899
468889
469879
469969
476989
478879
478897
479599
479797
484999
485899
487789
487897
488689
488779
488797
488959
489679
494899
495799
496789
496897
497689
497869
497977
498679
498787
498859
499669
499687
499957
73