8999
18899
19889
19979
19997
28979
29789
29879
35999
36899
37799
37889
37997
38699
39779
39869
39887
45989
46889
46997
47699
47969
48779
48869
49499
49697
49787
49877
55799
55889
55997
56897
57689
57977
58679
58787
58967
59399
59669
59957
64997
65699
65789
66797
66959
66977
67499
67589
67679
67967
68399
68489
68597
68669
68687
68777
68993
69389
69497
69677
69767
69857
69929
71999
74699
74897
75689
75797
75869
76679
76697
76949
77489
77687
77849
77867
78479
78497
78569
78839
78857
78893
78929
79379
79397
79559
79757
79829
79847
79973
81899
82799
82889
82997
83969
83987
84869
84977
86399
86579
86939
86993
87299
87587
87767
88289
88379
88397
88469
88667
88793
88883
88919
88937
89189
89387
89459
89477
89567
89657
89783
89819
89891
89909
89963
90989
91997
92699
92789
92987
93887
94949
95597
95957
96479
96497
96587
96749
96857
96893
97379
97397
97577
97649
97829
97847
97883
97919
97973
98297
98369
98387
98459
98639
98729
98837
156