17
53
71
107
233
251
431
503
521
701
1061
1151
1223
1511
1601
2141
2213
2411
3023
3041
3203
3221
4013
4211
5003
5021
6011
6101
7001
10007
10061
10133
10151
10223
10313
10331
10601
11213
11321
11411
12041
12113
12203
12401
13103
13121
15101
16001
20051
20123
20231
20411
21023
21221
21401
22013
22031
23003
23021
23201
30113
30203
31013
31121
32003
40013
40031
41201
42101
50021
50111
60101
61001
73